11:19:45 **** Build of configuration Debug for project fsbl_bsp_xspips_slave_polled_example_1 ****
make pre-build main-build 
a9-linaro-pre-build-step
' '
'Building file: ../src/xspips_slave_polled_example.c'
'Invoking: ARM v7 gcc compiler'
arm-none-eabi-gcc -Wall -O0 -g3 -c -fmessage-length=0 -MT"src/xspips_slave_polled_example.o" -mcpu=cortex-a9 -mfpu=vfpv3 -mfloat-abi=hard -I../../fsbl_bsp/ps7_cortexa9_0/include -MMD -MP -MF"src/xspips_slave_polled_example.d" -MT"src/xspips_slave_polled_example.o" -o "src/xspips_slave_polled_example.o" "../src/xspips_slave_polled_example.c"
'Finished building: ../src/xspips_slave_polled_example.c'
' '
'Building target: fsbl_bsp_xspips_slave_polled_example_1.elf'
'Invoking: ARM v7 gcc linker'
arm-none-eabi-gcc -mcpu=cortex-a9 -mfpu=vfpv3 -mfloat-abi=hard -Wl,-build-id=none -specs=Xilinx.spec -Wl,-T -Wl,../src/lscript.ld -L../../fsbl_bsp/ps7_cortexa9_0/lib -o "fsbl_bsp_xspips_slave_polled_example_1.elf"  ./src/xspips_slave_polled_example.o   -Wl,--start-group,-lxil,-lgcc,-lc,--end-group -Wl,--start-group,-lxilffs,-lxil,-lgcc,-lc,--end-group -Wl,--start-group,-lrsa,-lxil,-lgcc,-lc,--end-group
'Finished building target: fsbl_bsp_xspips_slave_polled_example_1.elf'
' '
'Invoking: ARM v7 Print Size'
arm-none-eabi-size fsbl_bsp_xspips_slave_polled_example_1.elf  |tee "fsbl_bsp_xspips_slave_polled_example_1.elf.size"
   text	   data	    bss	    dec	    hex	filename
  27240	   1160	  22632	  51032	   c758	fsbl_bsp_xspips_slave_polled_example_1.elf
'Finished building: fsbl_bsp_xspips_slave_polled_example_1.elf.size'
' '

11:19:48 Build Finished (took 2s.238ms)

