11:19:48 **** Build of configuration Debug for project spi_test ****
make pre-build main-build 
a9-linaro-pre-build-step
' '
'Building file: ../src/MAX31855_Utilites.c'
'Invoking: ARM v7 gcc compiler'
arm-none-eabi-gcc -Wall -O0 -g3 -c -fmessage-length=0 -MT"src/MAX31855_Utilites.o" -mcpu=cortex-a9 -mfpu=vfpv3 -mfloat-abi=hard -I../../fsbl_bsp/ps7_cortexa9_0/include -MMD -MP -MF"src/MAX31855_Utilites.d" -MT"src/MAX31855_Utilites.o" -o "src/MAX31855_Utilites.o" "../src/MAX31855_Utilites.c"
../src/MAX31855_Utilites.c: In function 'XSpiPS_LowLevelExecute':
../src/MAX31855_Utilites.c:68:6: warning: variable 'Debug' set but not used [-Wunused-but-set-variable]
  u32 Debug;
      ^~~~~
'Finished building: ../src/MAX31855_Utilites.c'
' '
'Building file: ../src/MAX31855_thermocouple.c'
'Invoking: ARM v7 gcc compiler'
arm-none-eabi-gcc -Wall -O0 -g3 -c -fmessage-length=0 -MT"src/MAX31855_thermocouple.o" -mcpu=cortex-a9 -mfpu=vfpv3 -mfloat-abi=hard -I../../fsbl_bsp/ps7_cortexa9_0/include -MMD -MP -MF"src/MAX31855_thermocouple.d" -MT"src/MAX31855_thermocouple.o" -o "src/MAX31855_thermocouple.o" "../src/MAX31855_thermocouple.c"
../src/MAX31855_thermocouple.c: In function 'main':
../src/MAX31855_thermocouple.c:68:25: warning: format '%x' expects argument of type 'unsigned int', but argument 3 has type 'u32 {aka long unsigned int}' [-Wformat=]
    printf("Byte %d = 0x%x\n\r",i,TxBuffer[i]);
                        ~^        ~~~~~~~~~~~
                        %lx
../src/MAX31855_thermocouple.c:75:25: warning: format '%x' expects argument of type 'unsigned int', but argument 3 has type 'u32 {aka long unsigned int}' [-Wformat=]
    printf("Byte %d = 0x%x\n\r",i,RxBuffer[i]);
                        ~^        ~~~~~~~~~~~
                        %lx
../src/MAX31855_thermocouple.c:43:6: warning: unused variable 'mic_out' [-Wunused-variable]
  int mic_out = 0;
      ^~~~~~~
../src/MAX31855_thermocouple.c:42:8: warning: unused variable 'MAX31855_internal_temp' [-Wunused-variable]
  float MAX31855_internal_temp=0.0f;
        ^~~~~~~~~~~~~~~~~~~~~~
../src/MAX31855_thermocouple.c:41:6: warning: unused variable 'nTemporaryValue2' [-Wunused-variable]
  int nTemporaryValue2=0;
      ^~~~~~~~~~~~~~~~
../src/MAX31855_thermocouple.c:40:6: warning: unused variable 'nTemporaryValue' [-Wunused-variable]
  int nTemporaryValue=0;
      ^~~~~~~~~~~~~~~
../src/MAX31855_thermocouple.c:31:6: warning: unused variable 'Status' [-Wunused-variable]
  int Status;
      ^~~~~~
'Finished building: ../src/MAX31855_thermocouple.c'
' '
'Building file: ../src/platform.c'
'Invoking: ARM v7 gcc compiler'
arm-none-eabi-gcc -Wall -O0 -g3 -c -fmessage-length=0 -MT"src/platform.o" -mcpu=cortex-a9 -mfpu=vfpv3 -mfloat-abi=hard -I../../fsbl_bsp/ps7_cortexa9_0/include -MMD -MP -MF"src/platform.d" -MT"src/platform.o" -o "src/platform.o" "../src/platform.c"
'Finished building: ../src/platform.c'
' '
'Building target: spi_test.elf'
'Invoking: ARM v7 gcc linker'
arm-none-eabi-gcc -mcpu=cortex-a9 -mfpu=vfpv3 -mfloat-abi=hard -Wl,-build-id=none -specs=Xilinx.spec -Wl,-T -Wl,../src/lscript.ld -L../../fsbl_bsp/ps7_cortexa9_0/lib -o "spi_test.elf"  ./src/MAX31855_Utilites.o ./src/MAX31855_thermocouple.o ./src/platform.o   -Wl,--start-group,-lxil,-lgcc,-lc,--end-group -Wl,--start-group,-lxilffs,-lxil,-lgcc,-lc,--end-group -Wl,--start-group,-lrsa,-lxil,-lgcc,-lc,--end-group
'Finished building target: spi_test.elf'
' '
'Invoking: ARM v7 Print Size'
arm-none-eabi-size spi_test.elf  |tee "spi_test.elf.size"
   text	   data	    bss	    dec	    hex	filename
  72160	   2580	  23328	  98068	  17f14	spi_test.elf
'Finished building: spi_test.elf.size'
' '

11:19:51 Build Finished (took 2s.999ms)

